IP Upgrade report for ip_gen
Mon Apr  7 11:01:34 2025
Quartus Prime Version 23.3.0 Build 104 09/20/2023 SC Pro Edition


---------------------
; Table of Contents ;
---------------------
  1. Legal Notice
  2. IP Upgrade Summary
  3. Successfully Upgraded IP Components
  4. IP Upgrade Messages



----------------
; Legal Notice ;
----------------
Copyright (C) 2023  Intel Corporation. All rights reserved.
Your use of Intel Corporation's design tools, logic functions 
and other software and tools, and any partner logic 
functions, and any output files from any of the foregoing 
(including device programming or simulation files), and any 
associated documentation or information are expressly subject 
to the terms and conditions of the Intel Program License 
Subscription Agreement, the Intel Quartus Prime License Agreement,
the Intel FPGA IP License Agreement, or other applicable license
agreement, including, without limitation, that your use is for
the sole purpose of programming logic devices manufactured by
Intel and sold by Intel or its authorized distributors.  Please
refer to the Intel FPGA Software License Subscription Agreements 
on the Quartus Prime software download page.



+---------------------------------------------------------------------------+
; IP Upgrade Summary                                                        ;
+------------------------------+--------------------------------------------+
; IP Components Upgrade Status ; Passed - Mon Apr  7 11:01:34 2025          ;
; Quartus Prime Version        ; 23.3.0 Build 104 09/20/2023 SC Pro Edition ;
; Revision Name                ; ip_gen                                     ;
; Top-level Entity Name        ; ip_gen                                     ;
; Family                       ; Stratix 10                                 ;
+------------------------------+--------------------------------------------+


+---------------------------------------------------------------------------------------------------------------------------------------------+
; Successfully Upgraded IP Components                                                                                                         ;
+--------------------------+----------------+---------+-----------------------------+-----------------------------+-----------------+---------+
; Entity Name              ; Component Name ; Version ; Original Source File        ; Generation File Path        ; New Source File ; Message ;
+--------------------------+----------------+---------+-----------------------------+-----------------------------+-----------------+---------+
; serdes_tbi_loopback_fifo ; fifo           ; 19.1.0  ; serdes_tbi_loopback_fifo.ip ; serdes_tbi_loopback_fifo.ip ;                 ;         ;
+--------------------------+----------------+---------+-----------------------------+-----------------------------+-----------------+---------+


+---------------------+
; IP Upgrade Messages ;
+---------------------+
Info (11902): Backing up file "/nfs/site/disks/xne_tip_0003/urukunda/quartus_20_3_grr/serdes_tbi_loopback_fifo/serdes_tbi_loopback_fifo.ip" to "/nfs/site/disks/xne_tip_0003/urukunda/quartus_20_3_grr/serdes_tbi_loopback_fifo/serdes_tbi_loopback_fifo.BAK.ip"
Info (11902): Backing up file "serdes_tbi_loopback_fifo/synth/serdes_tbi_loopback_fifo.v" to "/nfs/site/disks/xne_tip_0003/urukunda/quartus_20_3_grr/serdes_tbi_loopback_fifo/serdes_tbi_loopback_fifo.BAK.v"
Info (20325): ***************************************************************
Info (20325): Quartus is a registered trademark of Intel Corporation in the
Info (20325): US and other countries.  Portions of the Quartus Prime software
Info (20325): code, and other portions of the code included in this download
Info (20325): or on this DVD, are licensed to Intel Corporation and are the
Info (20325): copyrighted property of third parties. For license details,
Info (20325): refer to the End User License Agreement at
Info (20325): http://fpgasoftware.intel.com/eula.
Info (20325): ***************************************************************
Info (20325): 2025.04.07.11:01:24 Info: Starting to upgrade the IP cores in the Platform Designer system
Info (20325): 2025.04.07.11:01:24 Info: Finished upgrading the ip cores
Info (20325): ***************************************************************
Info (20325): Quartus is a registered trademark of Intel Corporation in the
Info (20325): US and other countries.  Portions of the Quartus Prime software
Info (20325): code, and other portions of the code included in this download
Info (20325): or on this DVD, are licensed to Intel Corporation and are the
Info (20325): copyrighted property of third parties. For license details,
Info (20325): refer to the End User License Agreement at
Info (20325): http://fpgasoftware.intel.com/eula.
Info (20325): ***************************************************************
Info (20325): 2025.04.07.11:01:31 Info: Saving generation log to /nfs/site/disks/xne_tip_0003/urukunda/quartus_20_3_grr/serdes_tbi_loopback_fifo/serdes_tbi_loopback_fifo/serdes_tbi_loopback_fifo_generation.rpt
Info (20325): 2025.04.07.11:01:31 Info: Generated by version: 23.3 build 104
Info (20325): 2025.04.07.11:01:31 Info: Starting: Create simulation model
Info (20325): 2025.04.07.11:01:31 Info: qsys-generate /nfs/site/disks/xne_tip_0003/urukunda/quartus_20_3_grr/serdes_tbi_loopback_fifo/serdes_tbi_loopback_fifo.ip --simulation=VERILOG --allow-mixed-language-simulation --output-directory=/nfs/site/disks/xne_tip_0003/urukunda/quartus_20_3_grr/serdes_tbi_loopback_fifo/serdes_tbi_loopback_fifo --family="Stratix 10" --part=1SG10MHN3F74C2LG_U1
Info (20325): 2025.04.07.11:01:31 Info: serdes_tbi_loopback_fifo.fifo_0: Targeting device family: Stratix 10.
Info (20325): 2025.04.07.11:01:31 Info: serdes_tbi_loopback_fifo.fifo_0: Tab: 'SCFIFO Options' is unavailable while using Dual-Clock FIFO.
Info (20325): 2025.04.07.11:01:31 Info: serdes_tbi_loopback_fifo.fifo_0: 'Output register option' is unavailable while using Dual-Clock FIFO.
Info (20325): 2025.04.07.11:01:31 Info: serdes_tbi_loopback_fifo.fifo_0: SDC file will be generated to apply correct constraints. User may experience increase in fitter compilation time
Info (20325): 2025.04.07.11:01:31 Info: serdes_tbi_loopback_fifo.fifo_0: Embedded set_false_path assignment is disabled.
Info (20325): 2025.04.07.11:01:31 Info: serdes_tbi_loopback_fifo: "Transforming system: serdes_tbi_loopback_fifo"
Info (20325): 2025.04.07.11:01:31 Info: serdes_tbi_loopback_fifo: "Naming system components in system: serdes_tbi_loopback_fifo"
Info (20325): 2025.04.07.11:01:31 Info: serdes_tbi_loopback_fifo: "Processing generation queue"
Info (20325): 2025.04.07.11:01:31 Info: serdes_tbi_loopback_fifo: "Generating: serdes_tbi_loopback_fifo"
Info (20325): 2025.04.07.11:01:31 Info: serdes_tbi_loopback_fifo: "Generating: serdes_tbi_loopback_fifo_fifo_1923_titfvra"
Info (20325): 2025.04.07.11:01:31 Info: serdes_tbi_loopback_fifo: Done "serdes_tbi_loopback_fifo" with 2 modules, 3 files
Info (20325): 2025.04.07.11:01:31 Info: Generating the following file(s) for XCELIUM simulator in /nfs/site/disks/xne_tip_0003/urukunda/quartus_20_3_grr/serdes_tbi_loopback_fifo/serdes_tbi_loopback_fifo/sim/ directory:
Info (20325): 2025.04.07.11:01:31 Info:     common/xcelium_files.tcl
Info (20325): 2025.04.07.11:01:31 Info: Generating the following file(s) for VCS simulator in /nfs/site/disks/xne_tip_0003/urukunda/quartus_20_3_grr/serdes_tbi_loopback_fifo/serdes_tbi_loopback_fifo/sim/ directory:
Info (20325): 2025.04.07.11:01:31 Info:     common/vcs_files.tcl
Info (20325): 2025.04.07.11:01:31 Info: Generating the following file(s) for MODELSIM simulator in /nfs/site/disks/xne_tip_0003/urukunda/quartus_20_3_grr/serdes_tbi_loopback_fifo/serdes_tbi_loopback_fifo/sim/ directory:
Info (20325): 2025.04.07.11:01:31 Info:     common/modelsim_files.tcl
Info (20325): 2025.04.07.11:01:31 Info: Generating the following file(s) for RIVIERA simulator in /nfs/site/disks/xne_tip_0003/urukunda/quartus_20_3_grr/serdes_tbi_loopback_fifo/serdes_tbi_loopback_fifo/sim/ directory:
Info (20325): 2025.04.07.11:01:31 Info:     common/riviera_files.tcl
Info (20325): 2025.04.07.11:01:31 Info: Generating the following file(s) for VCSMX simulator in /nfs/site/disks/xne_tip_0003/urukunda/quartus_20_3_grr/serdes_tbi_loopback_fifo/serdes_tbi_loopback_fifo/sim/ directory:
Info (20325): 2025.04.07.11:01:31 Info:     common/vcsmx_files.tcl
Info (20325): 2025.04.07.11:01:31 Info: For information on how to simulate your IP, see the explanatory comments in the simulator-specific subdirectories under /nfs/site/disks/xne_tip_0003/urukunda/quartus_20_3_grr/serdes_tbi_loopback_fifo/serdes_tbi_loopback_fifo/sim/.
Info (20325): 2025.04.07.11:01:31 Info: Regenerate these scripts whenever you make any change to any Quartus-generated IP in your project.
Info (20325): 2025.04.07.11:01:31 Info: Finished: Create simulation model
Info (20325): 2025.04.07.11:01:31 Info: Starting: Create simulation script
Info (20325): 2025.04.07.11:01:31 Info: sim-script-gen --system-file=/nfs/site/disks/xne_tip_0003/urukunda/quartus_20_3_grr/serdes_tbi_loopback_fifo/serdes_tbi_loopback_fifo.ip --output-directory=/nfs/site/disks/xne_tip_0003/urukunda/quartus_20_3_grr/serdes_tbi_loopback_fifo/serdes_tbi_loopback_fifo/sim/ --use-relative-paths=true
Info (20325): 2025.04.07.11:01:33 Info: Generating the following file(s) for XCELIUM simulator in /nfs/site/disks/xne_tip_0003/urukunda/quartus_20_3_grr/serdes_tbi_loopback_fifo/serdes_tbi_loopback_fifo/sim/ directory:
Info (20325): 2025.04.07.11:01:33 Info:     xcelium/cds.lib
Info (20325): 2025.04.07.11:01:33 Info:     xcelium/hdl.var
Info (20325): 2025.04.07.11:01:33 Info:     xcelium/xcelium_setup.sh
Info (20325): 2025.04.07.11:01:33 Info:     2 .cds.lib files in xcelium/cds_libs/ directory
Info (20325): 2025.04.07.11:01:33 Info: Generating the following file(s) for VCS simulator in /nfs/site/disks/xne_tip_0003/urukunda/quartus_20_3_grr/serdes_tbi_loopback_fifo/serdes_tbi_loopback_fifo/sim/ directory:
Info (20325): 2025.04.07.11:01:33 Info:     synopsys/vcs/vcs_setup.sh
Info (20325): 2025.04.07.11:01:33 Info: Generating the following file(s) for MODELSIM simulator in /nfs/site/disks/xne_tip_0003/urukunda/quartus_20_3_grr/serdes_tbi_loopback_fifo/serdes_tbi_loopback_fifo/sim/ directory:
Info (20325): 2025.04.07.11:01:33 Info:     mentor/msim_setup.tcl
Info (20325): 2025.04.07.11:01:33 Info: Generating the following file(s) for RIVIERA simulator in /nfs/site/disks/xne_tip_0003/urukunda/quartus_20_3_grr/serdes_tbi_loopback_fifo/serdes_tbi_loopback_fifo/sim/ directory:
Info (20325): 2025.04.07.11:01:33 Info:     aldec/rivierapro_setup.tcl
Info (20325): 2025.04.07.11:01:33 Info: Generating the following file(s) for VCSMX simulator in /nfs/site/disks/xne_tip_0003/urukunda/quartus_20_3_grr/serdes_tbi_loopback_fifo/serdes_tbi_loopback_fifo/sim/ directory:
Info (20325): 2025.04.07.11:01:33 Info:     synopsys/vcsmx/synopsys_sim.setup
Info (20325): 2025.04.07.11:01:33 Info:     synopsys/vcsmx/vcsmx_setup.sh
Info (20325): 2025.04.07.11:01:33 Info: For information on how to simulate your IP, see the explanatory comments in the simulator-specific subdirectories under /nfs/site/disks/xne_tip_0003/urukunda/quartus_20_3_grr/serdes_tbi_loopback_fifo/serdes_tbi_loopback_fifo/sim/.
Info (20325): 2025.04.07.11:01:33 Info: Regenerate these scripts whenever you make any change to any Quartus-generated IP in your project.
Info (20325): 2025.04.07.11:01:33 Info: Finished: Create simulation script
Info (20325): 2025.04.07.11:01:33 Info: Starting: Create block symbol file (.bsf)
Info (20325): 2025.04.07.11:01:33 Info: qsys-generate /nfs/site/disks/xne_tip_0003/urukunda/quartus_20_3_grr/serdes_tbi_loopback_fifo/serdes_tbi_loopback_fifo.ip --block-symbol-file --output-directory=/nfs/site/disks/xne_tip_0003/urukunda/quartus_20_3_grr/serdes_tbi_loopback_fifo/serdes_tbi_loopback_fifo --family="Stratix 10" --part=1SG10MHN3F74C2LG_U1
Info (20325): 2025.04.07.11:01:33 Info: serdes_tbi_loopback_fifo.fifo_0: Targeting device family: Stratix 10.
Info (20325): 2025.04.07.11:01:33 Info: serdes_tbi_loopback_fifo.fifo_0: Tab: 'SCFIFO Options' is unavailable while using Dual-Clock FIFO.
Info (20325): 2025.04.07.11:01:33 Info: serdes_tbi_loopback_fifo.fifo_0: 'Output register option' is unavailable while using Dual-Clock FIFO.
Info (20325): 2025.04.07.11:01:33 Info: serdes_tbi_loopback_fifo.fifo_0: SDC file will be generated to apply correct constraints. User may experience increase in fitter compilation time
Info (20325): 2025.04.07.11:01:33 Info: serdes_tbi_loopback_fifo.fifo_0: Embedded set_false_path assignment is disabled.
Info (20325): 2025.04.07.11:01:33 Info: Finished: Create block symbol file (.bsf)
Info (20325): 2025.04.07.11:01:33 Info:
Info (20325): 2025.04.07.11:01:33 Info: Starting: Create HDL design files for synthesis
Info (20325): 2025.04.07.11:01:33 Info: qsys-generate /nfs/site/disks/xne_tip_0003/urukunda/quartus_20_3_grr/serdes_tbi_loopback_fifo/serdes_tbi_loopback_fifo.ip --synthesis=VERILOG --output-directory=/nfs/site/disks/xne_tip_0003/urukunda/quartus_20_3_grr/serdes_tbi_loopback_fifo/serdes_tbi_loopback_fifo --family="Stratix 10" --part=1SG10MHN3F74C2LG_U1
Info (20325): 2025.04.07.11:01:33 Info: serdes_tbi_loopback_fifo.fifo_0: Targeting device family: Stratix 10.
Info (20325): 2025.04.07.11:01:33 Info: serdes_tbi_loopback_fifo.fifo_0: Tab: 'SCFIFO Options' is unavailable while using Dual-Clock FIFO.
Info (20325): 2025.04.07.11:01:33 Info: serdes_tbi_loopback_fifo.fifo_0: 'Output register option' is unavailable while using Dual-Clock FIFO.
Info (20325): 2025.04.07.11:01:33 Info: serdes_tbi_loopback_fifo.fifo_0: SDC file will be generated to apply correct constraints. User may experience increase in fitter compilation time
Info (20325): 2025.04.07.11:01:33 Info: serdes_tbi_loopback_fifo.fifo_0: Embedded set_false_path assignment is disabled.
Info (20325): 2025.04.07.11:01:33 Info: serdes_tbi_loopback_fifo: "Transforming system: serdes_tbi_loopback_fifo"
Info (20325): 2025.04.07.11:01:33 Info: serdes_tbi_loopback_fifo: "Naming system components in system: serdes_tbi_loopback_fifo"
Info (20325): 2025.04.07.11:01:33 Info: serdes_tbi_loopback_fifo: "Processing generation queue"
Info (20325): 2025.04.07.11:01:33 Info: serdes_tbi_loopback_fifo: "Generating: serdes_tbi_loopback_fifo"
Info (20325): 2025.04.07.11:01:33 Info: serdes_tbi_loopback_fifo: "Generating: serdes_tbi_loopback_fifo_fifo_1923_titfvra"
Info (20325): 2025.04.07.11:01:33 Info: serdes_tbi_loopback_fifo: Done "serdes_tbi_loopback_fifo" with 2 modules, 3 files
Info (20325): 2025.04.07.11:01:34 Info: Finished: Create HDL design files for synthesis
Info (20325): 2025.04.07.11:01:34 Info: Generation of /nfs/site/disks/xne_tip_0003/urukunda/quartus_20_3_grr/serdes_tbi_loopback_fifo/serdes_tbi_loopback_fifo.ip (serdes_tbi_loopback_fifo) took 2487 ms
Info (11131): Completed upgrading IP component fifo with file "serdes_tbi_loopback_fifo.ip"
Info (23030): Evaluation of Tcl script /nfs/site/cproj/gnrd/zsc14.xne_00263/users/tools/altera/pro.23.3/quartus/common/tcl/internal/ip_regen/ip_regen.tcl was successful
Info: Quartus Prime Shell was successful. 0 errors, 0 warnings
    Info: Peak virtual memory: 1183 megabytes
    Info: Processing ended: Mon Apr  7 11:01:34 2025
    Info: Elapsed time: 00:00:26
    Info: System process ID: 30415


