IP Ports Diff Report for s10_iopll_125mhz_125mhz
Mon Apr  7 10:45:06 2025
Quartus Prime Version 23.3.0 Build 104 09/20/2023 SC Pro Edition


---------------------
; Table of Contents ;
---------------------
  1. IP Information



+---------------------------------------------------------------------------------------------------------------------------------------------------------------+
; IP Information                                                                                                                                                ;
+----------------------+----------------------------------------------------------------------------------------------------------------------------------------+
; IP Variation Name    ; s10_iopll_125mhz_125mhz                                                                                                                ;
; Prior Version        ; 19.3.1                                                                                                                                 ;
; New Version          ; 19.3.1                                                                                                                                 ;
; New File             ; /nfs/site/disks/xne_tip_0003/urukunda/quartus_20_3_grr/s10_iopll_125mhz_125mhz/s10_iopll_125mhz_125mhz/synth/s10_iopll_125mhz_125mhz.v ;
; Has Port Differences ; No                                                                                                                                     ;
+----------------------+----------------------------------------------------------------------------------------------------------------------------------------+


