IP Upgrade report for phy_xcvr_rst_ctrl_gen
Wed Nov 24 08:04:07 2021
Quartus Prime Version 20.2.0 Build 50 06/11/2020 SC Pro Edition


---------------------
; Table of Contents ;
---------------------
  1. Legal Notice
  2. IP Upgrade Summary
  3. Failed Upgrade IP Components
  4. IP Upgrade Messages



----------------
; Legal Notice ;
----------------
Copyright (C) 2020  Intel Corporation. All rights reserved.
Your use of Intel Corporation's design tools, logic functions 
and other software and tools, and any partner logic 
functions, and any output files from any of the foregoing 
(including device programming or simulation files), and any 
associated documentation or information are expressly subject 
to the terms and conditions of the Intel Program License 
Subscription Agreement, the Intel Quartus Prime License Agreement,
the Intel FPGA IP License Agreement, or other applicable license
agreement, including, without limitation, that your use is for
the sole purpose of programming logic devices manufactured by
Intel and sold by Intel or its authorized distributors.  Please
refer to the applicable agreement for further details, at
https://fpgasoftware.intel.com/eula.



+--------------------------------------------------------------------------+
; IP Upgrade Summary                                                       ;
+------------------------------+-------------------------------------------+
; IP Components Upgrade Status ; Failed - Wed Nov 24 08:04:07 2021         ;
; Quartus Prime Version        ; 20.2.0 Build 50 06/11/2020 SC Pro Edition ;
; Revision Name                ; phy_xcvr_rst_ctrl_gen                     ;
; Top-level Entity Name        ; phy_xcvr_rst_ctrl_gen                     ;
; Family                       ; Cyclone 10 GX                             ;
+------------------------------+-------------------------------------------+


+-------------------------------------------------------------------------------------------------------------------------------------------------------------------------------------------------------------+
; Failed Upgrade IP Components                                                                                                                                                                                ;
+-----------------------+-------------------------------+---------+--------------------------+--------------------------+-----------------+-------------------------------------------------------------------+
; Entity Name           ; Component Name                ; Version ; Original Source File     ; Generation File Path     ; New Source File ; Message                                                           ;
+-----------------------+-------------------------------+---------+--------------------------+--------------------------+-----------------+-------------------------------------------------------------------+
; phy_xcvr_rst_ctrl_gen ; altera_xcvr_reset_control_s10 ; 19.1.1  ; phy_xcvr_rst_ctrl_gen.ip ; phy_xcvr_rst_ctrl_gen.ip ;                 ; Error upgrading Platform Designer file "phy_xcvr_rst_ctrl_gen.ip" ;
+-----------------------+-------------------------------+---------+--------------------------+--------------------------+-----------------+-------------------------------------------------------------------+


+---------------------+
; IP Upgrade Messages ;
+---------------------+
Info (11902): Backing up file "/nfs/site/disks/sc1_sv_00003/bsadashx/cpm_media_vps/gnrd-cpm-media-vps/verif/fpga/vps/build_input_dir/phy_xcvr_rst_ctrl_gen.ip" to "/nfs/site/disks/sc1_sv_00003/bsadashx/cpm_media_vps/gnrd-cpm-media-vps/verif/fpga/vps/build_input_dir/phy_xcvr_rst_ctrl_gen.BAK.ip"
Info (20325): 2021.11.24.08:03:58 Info: Starting to upgrade the IP cores in the Platform Designer system
Info (20325): 2021.11.24.08:03:58 Info: Finished upgrading the ip cores
Info (20325): ***************************************************************
Info (20325): Quartus is a registered trademark of Intel Corporation in the
Info (20325): US and other countries.  Portions of the Quartus Prime software
Info (20325): code, and other portions of the code included in this download
Info (20325): or on this DVD, are licensed to Intel Corporation and are the
Info (20325): copyrighted property of third parties. For license details,
Info (20325): refer to the End User License Agreement at
Info (20325): http://fpgasoftware.intel.com/eula.
Info (20325): ***************************************************************
Info (20325): 2021.11.24.08:04:06 Info: Saving generation log to /nfs/site/disks/sc1_sv_00003/bsadashx/cpm_media_vps/gnrd-cpm-media-vps/verif/fpga/vps/build_input_dir/phy_xcvr_rst_ctrl_gen/phy_xcvr_rst_ctrl_gen_generation.rpt
Info (20325): 2021.11.24.08:04:06 Info: Generated by version: 20.2 build 50
Info (20325): 2021.11.24.08:04:06 Info: Starting: Create simulation model
Info (20325): 2021.11.24.08:04:06 Info: qsys-generate /nfs/site/disks/sc1_sv_00003/bsadashx/cpm_media_vps/gnrd-cpm-media-vps/verif/fpga/vps/build_input_dir/phy_xcvr_rst_ctrl_gen.ip --simulation=VERILOG --allow-mixed-language-simulation --output-directory=/nfs/site/disks/sc1_sv_00003/bsadashx/cpm_media_vps/gnrd-cpm-media-vps/verif/fpga/vps/build_input_dir/phy_xcvr_rst_ctrl_gen --family="Cyclone 10 GX" --part=10CX220YF780I5G
Error (20327): 2021.11.24.08:04:06 Error: phy_xcvr_rst_ctrl_gen: Component xcvr_reset_control_s10_0 does not support selected device family Cyclone 10 GX
Error (20327): 2021.11.24.08:04:06 Error: qsys-generate failed with exit code 3: 1 Error, 0 Warnings
Info (20325): 2021.11.24.08:04:06 Info: Finished: Create simulation model
Info (20325): 2021.11.24.08:04:06 Info: Starting: Create Modelsim Project.
Info (20325): 2021.11.24.08:04:06 Info: sim-script-gen --system-file=/nfs/site/disks/sc1_sv_00003/bsadashx/cpm_media_vps/gnrd-cpm-media-vps/verif/fpga/vps/build_input_dir/phy_xcvr_rst_ctrl_gen.ip --output-directory=/nfs/site/disks/sc1_sv_00003/bsadashx/cpm_media_vps/gnrd-cpm-media-vps/verif/fpga/vps/build_input_dir/phy_xcvr_rst_ctrl_gen/sim --use-relative-paths=true
Error (20327): 2021.11.24.08:04:06 Error: File /nfs/site/disks/sc1_sv_00003/bsadashx/cpm_media_vps/gnrd-cpm-media-vps/verif/fpga/vps/build_input_dir/phy_xcvr_rst_ctrl_gen/phy_xcvr_rst_ctrl_gen.spd not found. Please generate simulation files for system file /nfs/site/disks/sc1_sv_00003/bsadashx/cpm_media_vps/gnrd-cpm-media-vps/verif/fpga/vps/build_input_dir/phy_xcvr_rst_ctrl_gen.ip before generating simulation scripts.
Info (20325): 2021.11.24.08:04:06 Info: Finished: Create Modelsim Project.
Info (20325): 2021.11.24.08:04:06 Info: Starting: Create block symbol file (.bsf)
Info (20325): 2021.11.24.08:04:06 Info: qsys-generate /nfs/site/disks/sc1_sv_00003/bsadashx/cpm_media_vps/gnrd-cpm-media-vps/verif/fpga/vps/build_input_dir/phy_xcvr_rst_ctrl_gen.ip --block-symbol-file --output-directory=/nfs/site/disks/sc1_sv_00003/bsadashx/cpm_media_vps/gnrd-cpm-media-vps/verif/fpga/vps/build_input_dir/phy_xcvr_rst_ctrl_gen --family="Cyclone 10 GX" --part=10CX220YF780I5G
Error (20327): 2021.11.24.08:04:06 Error: phy_xcvr_rst_ctrl_gen: Component xcvr_reset_control_s10_0 does not support selected device family Cyclone 10 GX
Error (20327): 2021.11.24.08:04:06 Error: qsys-generate failed with exit code 3: 1 Error, 0 Warnings
Info (20325): 2021.11.24.08:04:06 Info: Finished: Create block symbol file (.bsf)
Info (20325): 2021.11.24.08:04:06 Info:
Info (20325): 2021.11.24.08:04:06 Info: Starting: Create HDL design files for synthesis
Info (20325): 2021.11.24.08:04:06 Info: qsys-generate /nfs/site/disks/sc1_sv_00003/bsadashx/cpm_media_vps/gnrd-cpm-media-vps/verif/fpga/vps/build_input_dir/phy_xcvr_rst_ctrl_gen.ip --synthesis=VERILOG --output-directory=/nfs/site/disks/sc1_sv_00003/bsadashx/cpm_media_vps/gnrd-cpm-media-vps/verif/fpga/vps/build_input_dir/phy_xcvr_rst_ctrl_gen --family="Cyclone 10 GX" --part=10CX220YF780I5G
Error (20327): 2021.11.24.08:04:06 Error: phy_xcvr_rst_ctrl_gen: Component xcvr_reset_control_s10_0 does not support selected device family Cyclone 10 GX
Error (20327): 2021.11.24.08:04:06 Error: qsys-generate failed with exit code 3: 1 Error, 0 Warnings
Info (20325): 2021.11.24.08:04:06 Info: Finished: Create HDL design files for synthesis
Info (20325): ***************************************************************
Info (20325): Quartus is a registered trademark of Intel Corporation in the
Info (20325): US and other countries.  Portions of the Quartus Prime software
Info (20325): code, and other portions of the code included in this download
Info (20325): or on this DVD, are licensed to Intel Corporation and are the
Info (20325): copyrighted property of third parties. For license details,
Info (20325): refer to the End User License Agreement at
Info (20325): http://fpgasoftware.intel.com/eula.
Info (20325): ***************************************************************
Info (11904): Restoring file "/nfs/site/disks/sc1_sv_00003/bsadashx/cpm_media_vps/gnrd-cpm-media-vps/verif/fpga/vps/build_input_dir/phy_xcvr_rst_ctrl_gen.BAK.ip" to "/nfs/site/disks/sc1_sv_00003/bsadashx/cpm_media_vps/gnrd-cpm-media-vps/verif/fpga/vps/build_input_dir/phy_xcvr_rst_ctrl_gen.ip"
Error (14923): Error upgrading Platform Designer file "phy_xcvr_rst_ctrl_gen.ip"
Error (11133): IP component altera_xcvr_reset_control_s10 with file "phy_xcvr_rst_ctrl_gen.ip" upgrade failed
Error (23031): Evaluation of Tcl script /p/hdk/rtl/cad/x86-64_linux26/altera/quartus_prime_pro/20.2/quartus/common/tcl/internal/ip_regen/ip_regen.tcl unsuccessful
Error: Quartus Prime Shell was unsuccessful. 10 errors, 0 warnings
    Error: Peak virtual memory: 1016 megabytes
    Error: Processing ended: Wed Nov 24 08:04:07 2021
    Error: Elapsed time: 00:00:28
    Error: System process ID: 152463


