IP Ports Diff Report for io_pll_125mhz_eth_clks
Mon Apr  7 10:49:01 2025
Quartus Prime Version 23.3.0 Build 104 09/20/2023 SC Pro Edition


---------------------
; Table of Contents ;
---------------------
  1. IP Information



+------------------------------------------------------------------------------------------------------------------------------------------------------------+
; IP Information                                                                                                                                             ;
+----------------------+-------------------------------------------------------------------------------------------------------------------------------------+
; IP Variation Name    ; io_pll_125mhz_eth_clks                                                                                                              ;
; Prior Version        ; 19.3.1                                                                                                                              ;
; New Version          ; 19.3.1                                                                                                                              ;
; New File             ; /nfs/site/disks/xne_tip_0003/urukunda/quartus_20_3_grr/io_pll_125mhz_eth_clks/io_pll_125mhz_eth_clks/synth/io_pll_125mhz_eth_clks.v ;
; Has Port Differences ; No                                                                                                                                  ;
+----------------------+-------------------------------------------------------------------------------------------------------------------------------------+


