IP Upgrade report for ip_gen
Wed Apr  2 01:13:27 2025
Quartus Prime Version 23.3.0 Build 104 09/20/2023 SC Pro Edition


---------------------
; Table of Contents ;
---------------------
  1. Legal Notice
  2. IP Upgrade Summary
  3. Successfully Upgraded IP Components
  4. IP Upgrade Messages



----------------
; Legal Notice ;
----------------
Copyright (C) 2023  Intel Corporation. All rights reserved.
Your use of Intel Corporation's design tools, logic functions 
and other software and tools, and any partner logic 
functions, and any output files from any of the foregoing 
(including device programming or simulation files), and any 
associated documentation or information are expressly subject 
to the terms and conditions of the Intel Program License 
Subscription Agreement, the Intel Quartus Prime License Agreement,
the Intel FPGA IP License Agreement, or other applicable license
agreement, including, without limitation, that your use is for
the sole purpose of programming logic devices manufactured by
Intel and sold by Intel or its authorized distributors.  Please
refer to the Intel FPGA Software License Subscription Agreements 
on the Quartus Prime software download page.



+---------------------------------------------------------------------------+
; IP Upgrade Summary                                                        ;
+------------------------------+--------------------------------------------+
; IP Components Upgrade Status ; Passed - Wed Apr  2 01:13:27 2025          ;
; Quartus Prime Version        ; 23.3.0 Build 104 09/20/2023 SC Pro Edition ;
; Revision Name                ; ip_gen                                     ;
; Top-level Entity Name        ; ip_gen                                     ;
; Family                       ; Stratix 10                                 ;
+------------------------------+--------------------------------------------+


+---------------------------------------------------------------------------------------------------------------------------------------------------------------------------+
; Successfully Upgraded IP Components                                                                                                                                       ;
+------------------------------------+----------------+---------+---------------------------------------+---------------------------------------+-----------------+---------+
; Entity Name                        ; Component Name ; Version ; Original Source File                  ; Generation File Path                  ; New Source File ; Message ;
+------------------------------------+----------------+---------+---------------------------------------+---------------------------------------+-----------------+---------+
; s10_serdes_Ltile_with8b10b_tbi_eth ; QsysPrimePro   ; 24.2    ; s10_serdes_Ltile_with8b10b_tbi_eth.ip ; s10_serdes_Ltile_with8b10b_tbi_eth.ip ;                 ;         ;
+------------------------------------+----------------+---------+---------------------------------------+---------------------------------------+-----------------+---------+


+---------------------+
; IP Upgrade Messages ;
+---------------------+
Info (11902): Backing up file "/nfs/site/disks/xne_tip_0003/urukunda/pcs_loopback_xmr/verif/fpga/vps_dvb/build_input_dir/IP_FILES/s10_serdes_Ltile_with8b10b_tbi_eth/s10_serdes_Ltile_with8b10b_tbi_eth.ip" to "/nfs/site/disks/xne_tip_0003/urukunda/pcs_loopback_xmr/verif/fpga/vps_dvb/build_input_dir/IP_FILES/s10_serdes_Ltile_with8b10b_tbi_eth/s10_serdes_Ltile_with8b10b_tbi_eth.BAK.ip"
Info (20325): ***************************************************************
Info (20325): Quartus is a registered trademark of Intel Corporation in the
Info (20325): US and other countries.  Portions of the Quartus Prime software
Info (20325): code, and other portions of the code included in this download
Info (20325): or on this DVD, are licensed to Intel Corporation and are the
Info (20325): copyrighted property of third parties. For license details,
Info (20325): refer to the End User License Agreement at
Info (20325): http://fpgasoftware.intel.com/eula.
Info (20325): ***************************************************************
Info (20325): get_s10_die_pair:: supported_die_types "MAIN_ND.*" "MAIN_FM*" "HSSI_CRETE2.*"
Info (20325): get_s10_die_pair:: device_die_revisions HSSI_CRETE2E_REVB MAIN_ND7M_REVA die HSSI_CRETE2.* -> hssi_die_revision HSSI_CRETE2E_REVB
Info (20325): get_s10_die_pair:: die_pair MAIN_ND7M_REVA_HSSI_CRETE2E_REVB  device=1SG10MHN3F74C2LG_U2 die_types=HSSI_CRETE2E MAIN_ND7M die_revisions=HSSI_CRETE2E_REVB MAIN_ND7M_REVA supported_die_types="MAIN_ND.*" "MAIN_FM*" "HSSI_CRETE2.*"
Info (20325): get_s10_die_pair:: supported_die_types "MAIN_ND.*" "MAIN_FM*" "HSSI_CRETE2.*"
Info (20325): get_s10_die_pair:: device_die_revisions HSSI_CRETE2E_REVB MAIN_ND7M_REVA die HSSI_CRETE2.* -> hssi_die_revision HSSI_CRETE2E_REVB
Info (20325): get_s10_die_pair:: die_pair MAIN_ND7M_REVA_HSSI_CRETE2E_REVB  device=1SG10MHN3F74C2LG_U2 die_types=HSSI_CRETE2E MAIN_ND7M die_revisions=HSSI_CRETE2E_REVB MAIN_ND7M_REVA supported_die_types="MAIN_ND.*" "MAIN_FM*" "HSSI_CRETE2.*"
Info (20325): 2025.04.02.01:12:55 Info: Starting to upgrade the IP cores in the Platform Designer system
Info (20325): 2025.04.02.01:12:55 Info: Finished upgrading the ip cores
Info (20325): ***************************************************************
Info (20325): Quartus is a registered trademark of Intel Corporation in the
Info (20325): US and other countries.  Portions of the Quartus Prime software
Info (20325): code, and other portions of the code included in this download
Info (20325): or on this DVD, are licensed to Intel Corporation and are the
Info (20325): copyrighted property of third parties. For license details,
Info (20325): refer to the End User License Agreement at
Info (20325): http://fpgasoftware.intel.com/eula.
Info (20325): ***************************************************************
Info (20325): get_s10_die_pair:: supported_die_types "MAIN_ND.*" "MAIN_FM*" "HSSI_CRETE2.*"
Info (20325): get_s10_die_pair:: device_die_revisions HSSI_CRETE2E_REVB MAIN_ND7M_REVA die HSSI_CRETE2.* -> hssi_die_revision HSSI_CRETE2E_REVB
Info (20325): get_s10_die_pair:: die_pair MAIN_ND7M_REVA_HSSI_CRETE2E_REVB  device=1SG10MHN3F74C2LG_U2 die_types=HSSI_CRETE2E MAIN_ND7M die_revisions=HSSI_CRETE2E_REVB MAIN_ND7M_REVA supported_die_types="MAIN_ND.*" "MAIN_FM*" "HSSI_CRETE2.*"
Info (20325): get_s10_die_pair:: supported_die_types "MAIN_ND.*" "MAIN_FM*" "HSSI_CRETE2.*"
Info (20325): get_s10_die_pair:: device_die_revisions HSSI_CRETE2E_REVB MAIN_ND7M_REVA die HSSI_CRETE2.* -> hssi_die_revision HSSI_CRETE2E_REVB
Info (20325): get_s10_die_pair:: die_pair MAIN_ND7M_REVA_HSSI_CRETE2E_REVB  device=1SG10MHN3F74C2LG_U2 die_types=HSSI_CRETE2E MAIN_ND7M die_revisions=HSSI_CRETE2E_REVB MAIN_ND7M_REVA supported_die_types="MAIN_ND.*" "MAIN_FM*" "HSSI_CRETE2.*"
Info (20325): 2025.04.02.01:13:19 Info: Saving generation log to /nfs/site/disks/xne_tip_0003/urukunda/pcs_loopback_xmr/verif/fpga/vps_dvb/build_input_dir/IP_FILES/s10_serdes_Ltile_with8b10b_tbi_eth/s10_serdes_Ltile_with8b10b_tbi_eth/s10_serdes_Ltile_with8b10b_tbi_eth_generation.rpt
Info (20325): 2025.04.02.01:13:19 Info: Generated by version: 23.3 build 104
Info (20325): 2025.04.02.01:13:19 Info: Starting: Create simulation model
Info (20325): 2025.04.02.01:13:19 Info: qsys-generate /nfs/site/disks/xne_tip_0003/urukunda/pcs_loopback_xmr/verif/fpga/vps_dvb/build_input_dir/IP_FILES/s10_serdes_Ltile_with8b10b_tbi_eth/s10_serdes_Ltile_with8b10b_tbi_eth.ip --simulation=VERILOG --allow-mixed-language-simulation --output-directory=/nfs/site/disks/xne_tip_0003/urukunda/pcs_loopback_xmr/verif/fpga/vps_dvb/build_input_dir/IP_FILES/s10_serdes_Ltile_with8b10b_tbi_eth/s10_serdes_Ltile_with8b10b_tbi_eth --family="Stratix 10" --part=1SG10MHN3F74C2LG_U2
Info (20325): get_s10_die_pair:: supported_die_types "MAIN_ND.*" "MAIN_FM*" "HSSI_CRETE2.*"
Info (20325): get_s10_die_pair:: device_die_revisions HSSI_CRETE2E_REVB MAIN_ND7M_REVA die HSSI_CRETE2.* -> hssi_die_revision HSSI_CRETE2E_REVB
Info (20325): get_s10_die_pair:: die_pair MAIN_ND7M_REVA_HSSI_CRETE2E_REVB  device=1SG10MHN3F74C2LG_U2 die_types=HSSI_CRETE2E MAIN_ND7M die_revisions=HSSI_CRETE2E_REVB MAIN_ND7M_REVA supported_die_types="MAIN_ND.*" "MAIN_FM*" "HSSI_CRETE2.*"
Info (20325): get_s10_die_pair:: supported_die_types "MAIN_ND.*" "MAIN_FM*" "HSSI_CRETE2.*"
Info (20325): get_s10_die_pair:: device_die_revisions HSSI_CRETE2E_REVB MAIN_ND7M_REVA die HSSI_CRETE2.* -> hssi_die_revision HSSI_CRETE2E_REVB
Info (20325): get_s10_die_pair:: die_pair MAIN_ND7M_REVA_HSSI_CRETE2E_REVB  device=1SG10MHN3F74C2LG_U2 die_types=HSSI_CRETE2E MAIN_ND7M die_revisions=HSSI_CRETE2E_REVB MAIN_ND7M_REVA supported_die_types="MAIN_ND.*" "MAIN_FM*" "HSSI_CRETE2.*"
Info (20325): 2025.04.02.01:13:20 Info: s10_serdes_Ltile_with8b10b_tbi_eth.xcvr_native_s10_htile_0: The TX PCS-Core Interface FIFO is operating in half-rate transfer mode.
Info (20325): 2025.04.02.01:13:20 Info: s10_serdes_Ltile_with8b10b_tbi_eth.xcvr_native_s10_htile_0: The RX PCS-Core Interface FIFO is operating in half-rate transfer mode.
Info (20325): 2025.04.02.01:13:20 Info: s10_serdes_Ltile_with8b10b_tbi_eth.xcvr_native_s10_htile_0: For the selected device(1SG10MHN3F74C2LG_U2), transceiver speed grade is 2 and core speed grade is 1.
Info (20325): 2025.04.02.01:13:20 Info: s10_serdes_Ltile_with8b10b_tbi_eth.xcvr_native_s10_htile_0: Simplified data interface has been enabled. The Native PHY will present the data/control interface for the current configuration only. Dynamic reconfiguration of the data interface cannot be supported. The unused_tx_parallel_data and unused_tx_control ports should be connected to 0.
Info (20325): 2025.04.02.01:13:20 Info: s10_serdes_Ltile_with8b10b_tbi_eth.xcvr_native_s10_htile_0: For current configuration, TX PCS FIFO depth is "8" and TX Core FIFO depth is "8".
Info (20325): 2025.04.02.01:13:20 Info: s10_serdes_Ltile_with8b10b_tbi_eth.xcvr_native_s10_htile_0: For current configuration, RX PCS FIFO depth is "8" and RX Core FIFO depth is "16".
Info (20325): 2025.04.02.01:13:20 Info: s10_serdes_Ltile_with8b10b_tbi_eth.xcvr_native_s10_htile_0: "PCS clkout" (pcs_clkout) is selected to drive tx_clkout port and the clock frequency is 125.0 MHz.
Info (20325): 2025.04.02.01:13:20 Info: s10_serdes_Ltile_with8b10b_tbi_eth.xcvr_native_s10_htile_0: "PCS clkout" (pcs_clkout) is selected to drive rx_clkout port and the clock frequency is 125.0 MHz.
Info (20325): 2025.04.02.01:13:20 Info: s10_serdes_Ltile_with8b10b_tbi_eth.xcvr_native_s10_htile_0: Design example cannot be generated for the current configuration. Please check under Design Example tab and system message below for more detailed information.
Info (20325): 2025.04.02.01:13:20 Info: s10_serdes_Ltile_with8b10b_tbi_eth.xcvr_native_s10_htile_0: Note - The external TX PLL IP must be configured with an output clock frequency of 625.0 MHz.
Info (20325): 2025.04.02.01:13:20 Info: s10_serdes_Ltile_with8b10b_tbi_eth: "Transforming system: s10_serdes_Ltile_with8b10b_tbi_eth"
Info (20325): 2025.04.02.01:13:21 Info: s10_serdes_Ltile_with8b10b_tbi_eth: "Naming system components in system: s10_serdes_Ltile_with8b10b_tbi_eth"
Info (20325): 2025.04.02.01:13:21 Info: s10_serdes_Ltile_with8b10b_tbi_eth: "Processing generation queue"
Info (20325): 2025.04.02.01:13:21 Info: s10_serdes_Ltile_with8b10b_tbi_eth: "Generating: s10_serdes_Ltile_with8b10b_tbi_eth"
Info (20325): 2025.04.02.01:13:21 Info: s10_serdes_Ltile_with8b10b_tbi_eth: "Generating: s10_serdes_Ltile_with8b10b_tbi_eth_altera_xcvr_native_s10_htile_1930_xmzqn2a"
Info (20325): 2025.04.02.01:13:21 Info: xcvr_native_s10_htile_0: add_fileset_file ./alt_xcvr_arbiter.sv SYSTEM_VERILOG PATH ../../../../altera_xcvr_generic/ctrl/alt_xcvr_arbiter.sv
Info (20325): 2025.04.02.01:13:21 Info: xcvr_native_s10_htile_0: add_fileset_file ./altera_std_synchronizer_nocut.v VERILOG PATH ../../../../primitives/altera_std_synchronizer/altera_std_synchronizer_nocut.v
Info (20325): 2025.04.02.01:13:21 Info: xcvr_native_s10_htile_0: add_fileset_file ./alt_xcvr_resync_std.sv SYSTEM_VERILOG PATH ../../../alt_xcvr_generic/alt_xcvr_resync_std.sv
Info (20325): 2025.04.02.01:13:21 Info: xcvr_native_s10_htile_0: add_fileset_file ./alt_xcvr_reset_counter_s10.sv SYSTEM_VERILOG PATH ../../../altera_xcvr_reset_control_s10/alt_xcvr_reset_counter_s10.sv
Info (20325): 2025.04.02.01:13:21 Info: xcvr_native_s10_htile_0: add_fileset_file ./altera_xcvr_native_s10_functions_h.sv SYSTEM_VERILOG PATH ../../altera_xcvr_native_s10/source/altera_xcvr_native_s10_functions_h.sv
Info (20325): 2025.04.02.01:13:21 Info: xcvr_native_s10_htile_0: add_fileset_file ./s10_avmm_h.sv SYSTEM_VERILOG PATH ../../altera_xcvr_native_s10/source/s10_avmm_h.sv
Info (20325): 2025.04.02.01:13:21 Info: xcvr_native_s10_htile_0: add_fileset_file ./alt_xcvr_native_avmm_csr.sv SYSTEM_VERILOG PATH ../../altera_xcvr_native_s10/source/alt_xcvr_native_avmm_csr.sv
Info (20325): 2025.04.02.01:13:21 Info: xcvr_native_s10_htile_0: add_fileset_file ./alt_xcvr_native_prbs_accum.sv SYSTEM_VERILOG PATH ../../altera_xcvr_native_s10/source/alt_xcvr_native_prbs_accum.sv
Info (20325): 2025.04.02.01:13:21 Info: xcvr_native_s10_htile_0: add_fileset_file ./alt_xcvr_native_odi_accel.sv SYSTEM_VERILOG PATH ../../altera_xcvr_native_s10/source/alt_xcvr_native_odi_accel.sv
Info (20325): 2025.04.02.01:13:21 Info: xcvr_native_s10_htile_0: add_fileset_file ./alt_xcvr_native_rcfg_arb.sv SYSTEM_VERILOG PATH ../../altera_xcvr_native_s10/source/alt_xcvr_native_rcfg_arb.sv
Info (20325): 2025.04.02.01:13:21 Info: xcvr_native_s10_htile_0: add_fileset_file ./alt_xcvr_early_spd_chng_s10_htile.sv SYSTEM_VERILOG PATH ../../altera_xcvr_native_s10/source/alt_xcvr_early_spd_chng_s10_htile.sv
Info (20325): 2025.04.02.01:13:21 Info: xcvr_native_s10_htile_0: add_fileset_file ./alt_xcvr_native_anlg_reset_seq.sv SYSTEM_VERILOG PATH ../../altera_xcvr_native_s10/source/alt_xcvr_native_anlg_reset_seq.sv
Info (20325): 2025.04.02.01:13:21 Info: xcvr_native_s10_htile_0: add_fileset_file ./alt_xcvr_native_dig_reset_seq.sv SYSTEM_VERILOG PATH ../../altera_xcvr_native_s10/source/alt_xcvr_native_dig_reset_seq.sv
Info (20325): 2025.04.02.01:13:21 Info: xcvr_native_s10_htile_0: add_fileset_file ./alt_xcvr_native_reset_seq.sv SYSTEM_VERILOG PATH ../../altera_xcvr_native_s10/source/alt_xcvr_native_reset_seq.sv
Info (20325): 2025.04.02.01:13:21 Info: xcvr_native_s10_htile_0: add_fileset_file ./alt_xcvr_native_anlg_reset_seq_wrapper.sv SYSTEM_VERILOG PATH ../../altera_xcvr_native_s10/source/alt_xcvr_native_anlg_reset_seq_wrapper.sv
Info (20325): 2025.04.02.01:13:21 Info: xcvr_native_s10_htile_0: add_fileset_file ./alt_xcvr_native_re_cal_chnl.v VERILOG PATH ../../altera_xcvr_native_s10/source/alt_xcvr_native_re_cal_chnl.v
Info (20325): 2025.04.02.01:13:21 Info: xcvr_native_s10_htile_0: add_fileset_file ./alt_xcvr_pcie_rx_eios_prot.sv SYSTEM_VERILOG PATH ../../altera_xcvr_native_s10/source/alt_xcvr_pcie_rx_eios_prot.sv
Info (20325): 2025.04.02.01:13:21 Info: xcvr_native_s10_htile_0: add_fileset_file ./alt_xcvr_native_rx_maib_wa.sv SYSTEM_VERILOG PATH ../../altera_xcvr_native_s10/source/alt_xcvr_native_rx_maib_wa.sv
Info (20325): 2025.04.02.01:13:21 Info: s10_serdes_Ltile_with8b10b_tbi_eth: Done "s10_serdes_Ltile_with8b10b_tbi_eth" with 2 modules, 27 files
Info (20325): 2025.04.02.01:13:21 Info: Generating the following file(s) for MODELSIM simulator in /nfs/site/disks/xne_tip_0003/urukunda/pcs_loopback_xmr/verif/fpga/vps_dvb/build_input_dir/IP_FILES/s10_serdes_Ltile_with8b10b_tbi_eth/s10_serdes_Ltile_with8b10b_tbi_eth/sim/ directory:
Info (20325): 2025.04.02.01:13:21 Info:     common/modelsim_files.tcl
Info (20325): 2025.04.02.01:13:21 Info: Generating the following file(s) for XCELIUM simulator in /nfs/site/disks/xne_tip_0003/urukunda/pcs_loopback_xmr/verif/fpga/vps_dvb/build_input_dir/IP_FILES/s10_serdes_Ltile_with8b10b_tbi_eth/s10_serdes_Ltile_with8b10b_tbi_eth/sim/ directory:
Info (20325): 2025.04.02.01:13:21 Info:     common/xcelium_files.tcl
Info (20325): 2025.04.02.01:13:21 Info: Generating the following file(s) for VCS simulator in /nfs/site/disks/xne_tip_0003/urukunda/pcs_loopback_xmr/verif/fpga/vps_dvb/build_input_dir/IP_FILES/s10_serdes_Ltile_with8b10b_tbi_eth/s10_serdes_Ltile_with8b10b_tbi_eth/sim/ directory:
Info (20325): 2025.04.02.01:13:21 Info:     common/vcs_files.tcl
Info (20325): 2025.04.02.01:13:21 Info: Generating the following file(s) for RIVIERA simulator in /nfs/site/disks/xne_tip_0003/urukunda/pcs_loopback_xmr/verif/fpga/vps_dvb/build_input_dir/IP_FILES/s10_serdes_Ltile_with8b10b_tbi_eth/s10_serdes_Ltile_with8b10b_tbi_eth/sim/ directory:
Info (20325): 2025.04.02.01:13:21 Info:     common/riviera_files.tcl
Info (20325): 2025.04.02.01:13:21 Info: Generating the following file(s) for VCSMX simulator in /nfs/site/disks/xne_tip_0003/urukunda/pcs_loopback_xmr/verif/fpga/vps_dvb/build_input_dir/IP_FILES/s10_serdes_Ltile_with8b10b_tbi_eth/s10_serdes_Ltile_with8b10b_tbi_eth/sim/ directory:
Info (20325): 2025.04.02.01:13:21 Info:     common/vcsmx_files.tcl
Info (20325): 2025.04.02.01:13:21 Info: For information on how to simulate your IP, see the explanatory comments in the simulator-specific subdirectories under /nfs/site/disks/xne_tip_0003/urukunda/pcs_loopback_xmr/verif/fpga/vps_dvb/build_input_dir/IP_FILES/s10_serdes_Ltile_with8b10b_tbi_eth/s10_serdes_Ltile_with8b10b_tbi_eth/sim/.
Info (20325): 2025.04.02.01:13:21 Info: Regenerate these scripts whenever you make any change to any Quartus-generated IP in your project.
Info (20325): 2025.04.02.01:13:21 Info: Finished: Create simulation model
Info (20325): 2025.04.02.01:13:21 Info: Starting: Create simulation script
Info (20325): 2025.04.02.01:13:21 Info: sim-script-gen --system-file=/nfs/site/disks/xne_tip_0003/urukunda/pcs_loopback_xmr/verif/fpga/vps_dvb/build_input_dir/IP_FILES/s10_serdes_Ltile_with8b10b_tbi_eth/s10_serdes_Ltile_with8b10b_tbi_eth.ip --output-directory=/nfs/site/disks/xne_tip_0003/urukunda/pcs_loopback_xmr/verif/fpga/vps_dvb/build_input_dir/IP_FILES/s10_serdes_Ltile_with8b10b_tbi_eth/s10_serdes_Ltile_with8b10b_tbi_eth/sim/ --use-relative-paths=true
Info (20325): 2025.04.02.01:13:23 Info: Generating the following file(s) for MODELSIM simulator in /nfs/site/disks/xne_tip_0003/urukunda/pcs_loopback_xmr/verif/fpga/vps_dvb/build_input_dir/IP_FILES/s10_serdes_Ltile_with8b10b_tbi_eth/s10_serdes_Ltile_with8b10b_tbi_eth/sim/ directory:
Info (20325): 2025.04.02.01:13:23 Info:     mentor/msim_setup.tcl
Info (20325): 2025.04.02.01:13:23 Info: Generating the following file(s) for XCELIUM simulator in /nfs/site/disks/xne_tip_0003/urukunda/pcs_loopback_xmr/verif/fpga/vps_dvb/build_input_dir/IP_FILES/s10_serdes_Ltile_with8b10b_tbi_eth/s10_serdes_Ltile_with8b10b_tbi_eth/sim/ directory:
Info (20325): 2025.04.02.01:13:23 Info:     xcelium/cds.lib
Info (20325): 2025.04.02.01:13:23 Info:     xcelium/hdl.var
Info (20325): 2025.04.02.01:13:23 Info:     xcelium/xcelium_setup.sh
Info (20325): 2025.04.02.01:13:23 Info:     3 .cds.lib files in xcelium/cds_libs/ directory
Info (20325): 2025.04.02.01:13:23 Info: Generating the following file(s) for VCS simulator in /nfs/site/disks/xne_tip_0003/urukunda/pcs_loopback_xmr/verif/fpga/vps_dvb/build_input_dir/IP_FILES/s10_serdes_Ltile_with8b10b_tbi_eth/s10_serdes_Ltile_with8b10b_tbi_eth/sim/ directory:
Info (20325): 2025.04.02.01:13:23 Info:     synopsys/vcs/vcs_setup.sh
Info (20325): 2025.04.02.01:13:23 Info: Generating the following file(s) for RIVIERA simulator in /nfs/site/disks/xne_tip_0003/urukunda/pcs_loopback_xmr/verif/fpga/vps_dvb/build_input_dir/IP_FILES/s10_serdes_Ltile_with8b10b_tbi_eth/s10_serdes_Ltile_with8b10b_tbi_eth/sim/ directory:
Info (20325): 2025.04.02.01:13:23 Info:     aldec/rivierapro_setup.tcl
Info (20325): 2025.04.02.01:13:23 Info: Generating the following file(s) for VCSMX simulator in /nfs/site/disks/xne_tip_0003/urukunda/pcs_loopback_xmr/verif/fpga/vps_dvb/build_input_dir/IP_FILES/s10_serdes_Ltile_with8b10b_tbi_eth/s10_serdes_Ltile_with8b10b_tbi_eth/sim/ directory:
Info (20325): 2025.04.02.01:13:23 Info:     synopsys/vcsmx/synopsys_sim.setup
Info (20325): 2025.04.02.01:13:23 Info:     synopsys/vcsmx/vcsmx_setup.sh
Info (20325): 2025.04.02.01:13:23 Info: For information on how to simulate your IP, see the explanatory comments in the simulator-specific subdirectories under /nfs/site/disks/xne_tip_0003/urukunda/pcs_loopback_xmr/verif/fpga/vps_dvb/build_input_dir/IP_FILES/s10_serdes_Ltile_with8b10b_tbi_eth/s10_serdes_Ltile_with8b10b_tbi_eth/sim/.
Info (20325): 2025.04.02.01:13:23 Info: Regenerate these scripts whenever you make any change to any Quartus-generated IP in your project.
Info (20325): 2025.04.02.01:13:23 Info: Finished: Create simulation script
Info (20325): 2025.04.02.01:13:23 Info: Starting: Create block symbol file (.bsf)
Info (20325): 2025.04.02.01:13:23 Info: qsys-generate /nfs/site/disks/xne_tip_0003/urukunda/pcs_loopback_xmr/verif/fpga/vps_dvb/build_input_dir/IP_FILES/s10_serdes_Ltile_with8b10b_tbi_eth/s10_serdes_Ltile_with8b10b_tbi_eth.ip --block-symbol-file --output-directory=/nfs/site/disks/xne_tip_0003/urukunda/pcs_loopback_xmr/verif/fpga/vps_dvb/build_input_dir/IP_FILES/s10_serdes_Ltile_with8b10b_tbi_eth/s10_serdes_Ltile_with8b10b_tbi_eth --family="Stratix 10" --part=1SG10MHN3F74C2LG_U2
Info (20325): get_s10_die_pair:: supported_die_types "MAIN_ND.*" "MAIN_FM*" "HSSI_CRETE2.*"
Info (20325): get_s10_die_pair:: device_die_revisions HSSI_CRETE2E_REVB MAIN_ND7M_REVA die HSSI_CRETE2.* -> hssi_die_revision HSSI_CRETE2E_REVB
Info (20325): get_s10_die_pair:: die_pair MAIN_ND7M_REVA_HSSI_CRETE2E_REVB  device=1SG10MHN3F74C2LG_U2 die_types=HSSI_CRETE2E MAIN_ND7M die_revisions=HSSI_CRETE2E_REVB MAIN_ND7M_REVA supported_die_types="MAIN_ND.*" "MAIN_FM*" "HSSI_CRETE2.*"
Info (20325): get_s10_die_pair:: supported_die_types "MAIN_ND.*" "MAIN_FM*" "HSSI_CRETE2.*"
Info (20325): get_s10_die_pair:: device_die_revisions HSSI_CRETE2E_REVB MAIN_ND7M_REVA die HSSI_CRETE2.* -> hssi_die_revision HSSI_CRETE2E_REVB
Info (20325): get_s10_die_pair:: die_pair MAIN_ND7M_REVA_HSSI_CRETE2E_REVB  device=1SG10MHN3F74C2LG_U2 die_types=HSSI_CRETE2E MAIN_ND7M die_revisions=HSSI_CRETE2E_REVB MAIN_ND7M_REVA supported_die_types="MAIN_ND.*" "MAIN_FM*" "HSSI_CRETE2.*"
Info (20325): 2025.04.02.01:13:24 Info: s10_serdes_Ltile_with8b10b_tbi_eth.xcvr_native_s10_htile_0: The TX PCS-Core Interface FIFO is operating in half-rate transfer mode.
Info (20325): 2025.04.02.01:13:24 Info: s10_serdes_Ltile_with8b10b_tbi_eth.xcvr_native_s10_htile_0: The RX PCS-Core Interface FIFO is operating in half-rate transfer mode.
Info (20325): 2025.04.02.01:13:24 Info: s10_serdes_Ltile_with8b10b_tbi_eth.xcvr_native_s10_htile_0: For the selected device(1SG10MHN3F74C2LG_U2), transceiver speed grade is 2 and core speed grade is 1.
Info (20325): 2025.04.02.01:13:24 Info: s10_serdes_Ltile_with8b10b_tbi_eth.xcvr_native_s10_htile_0: Simplified data interface has been enabled. The Native PHY will present the data/control interface for the current configuration only. Dynamic reconfiguration of the data interface cannot be supported. The unused_tx_parallel_data and unused_tx_control ports should be connected to 0.
Info (20325): 2025.04.02.01:13:24 Info: s10_serdes_Ltile_with8b10b_tbi_eth.xcvr_native_s10_htile_0: For current configuration, TX PCS FIFO depth is "8" and TX Core FIFO depth is "8".
Info (20325): 2025.04.02.01:13:24 Info: s10_serdes_Ltile_with8b10b_tbi_eth.xcvr_native_s10_htile_0: For current configuration, RX PCS FIFO depth is "8" and RX Core FIFO depth is "16".
Info (20325): 2025.04.02.01:13:24 Info: s10_serdes_Ltile_with8b10b_tbi_eth.xcvr_native_s10_htile_0: "PCS clkout" (pcs_clkout) is selected to drive tx_clkout port and the clock frequency is 125.0 MHz.
Info (20325): 2025.04.02.01:13:24 Info: s10_serdes_Ltile_with8b10b_tbi_eth.xcvr_native_s10_htile_0: "PCS clkout" (pcs_clkout) is selected to drive rx_clkout port and the clock frequency is 125.0 MHz.
Info (20325): 2025.04.02.01:13:24 Info: s10_serdes_Ltile_with8b10b_tbi_eth.xcvr_native_s10_htile_0: Design example cannot be generated for the current configuration. Please check under Design Example tab and system message below for more detailed information.
Info (20325): 2025.04.02.01:13:24 Info: s10_serdes_Ltile_with8b10b_tbi_eth.xcvr_native_s10_htile_0: Note - The external TX PLL IP must be configured with an output clock frequency of 625.0 MHz.
Info (20325): 2025.04.02.01:13:24 Info: Finished: Create block symbol file (.bsf)
Info (20325): 2025.04.02.01:13:24 Info:
Info (20325): 2025.04.02.01:13:24 Info: Starting: Create HDL design files for synthesis
Info (20325): 2025.04.02.01:13:25 Info: qsys-generate /nfs/site/disks/xne_tip_0003/urukunda/pcs_loopback_xmr/verif/fpga/vps_dvb/build_input_dir/IP_FILES/s10_serdes_Ltile_with8b10b_tbi_eth/s10_serdes_Ltile_with8b10b_tbi_eth.ip --synthesis=VERILOG --output-directory=/nfs/site/disks/xne_tip_0003/urukunda/pcs_loopback_xmr/verif/fpga/vps_dvb/build_input_dir/IP_FILES/s10_serdes_Ltile_with8b10b_tbi_eth/s10_serdes_Ltile_with8b10b_tbi_eth --family="Stratix 10" --part=1SG10MHN3F74C2LG_U2
Info (20325): get_s10_die_pair:: supported_die_types "MAIN_ND.*" "MAIN_FM*" "HSSI_CRETE2.*"
Info (20325): get_s10_die_pair:: device_die_revisions HSSI_CRETE2E_REVB MAIN_ND7M_REVA die HSSI_CRETE2.* -> hssi_die_revision HSSI_CRETE2E_REVB
Info (20325): get_s10_die_pair:: die_pair MAIN_ND7M_REVA_HSSI_CRETE2E_REVB  device=1SG10MHN3F74C2LG_U2 die_types=HSSI_CRETE2E MAIN_ND7M die_revisions=HSSI_CRETE2E_REVB MAIN_ND7M_REVA supported_die_types="MAIN_ND.*" "MAIN_FM*" "HSSI_CRETE2.*"
Info (20325): get_s10_die_pair:: supported_die_types "MAIN_ND.*" "MAIN_FM*" "HSSI_CRETE2.*"
Info (20325): get_s10_die_pair:: device_die_revisions HSSI_CRETE2E_REVB MAIN_ND7M_REVA die HSSI_CRETE2.* -> hssi_die_revision HSSI_CRETE2E_REVB
Info (20325): get_s10_die_pair:: die_pair MAIN_ND7M_REVA_HSSI_CRETE2E_REVB  device=1SG10MHN3F74C2LG_U2 die_types=HSSI_CRETE2E MAIN_ND7M die_revisions=HSSI_CRETE2E_REVB MAIN_ND7M_REVA supported_die_types="MAIN_ND.*" "MAIN_FM*" "HSSI_CRETE2.*"
Info (20325): 2025.04.02.01:13:26 Info: s10_serdes_Ltile_with8b10b_tbi_eth.xcvr_native_s10_htile_0: The TX PCS-Core Interface FIFO is operating in half-rate transfer mode.
Info (20325): 2025.04.02.01:13:26 Info: s10_serdes_Ltile_with8b10b_tbi_eth.xcvr_native_s10_htile_0: The RX PCS-Core Interface FIFO is operating in half-rate transfer mode.
Info (20325): 2025.04.02.01:13:26 Info: s10_serdes_Ltile_with8b10b_tbi_eth.xcvr_native_s10_htile_0: For the selected device(1SG10MHN3F74C2LG_U2), transceiver speed grade is 2 and core speed grade is 1.
Info (20325): 2025.04.02.01:13:26 Info: s10_serdes_Ltile_with8b10b_tbi_eth.xcvr_native_s10_htile_0: Simplified data interface has been enabled. The Native PHY will present the data/control interface for the current configuration only. Dynamic reconfiguration of the data interface cannot be supported. The unused_tx_parallel_data and unused_tx_control ports should be connected to 0.
Info (20325): 2025.04.02.01:13:26 Info: s10_serdes_Ltile_with8b10b_tbi_eth.xcvr_native_s10_htile_0: For current configuration, TX PCS FIFO depth is "8" and TX Core FIFO depth is "8".
Info (20325): 2025.04.02.01:13:26 Info: s10_serdes_Ltile_with8b10b_tbi_eth.xcvr_native_s10_htile_0: For current configuration, RX PCS FIFO depth is "8" and RX Core FIFO depth is "16".
Info (20325): 2025.04.02.01:13:26 Info: s10_serdes_Ltile_with8b10b_tbi_eth.xcvr_native_s10_htile_0: "PCS clkout" (pcs_clkout) is selected to drive tx_clkout port and the clock frequency is 125.0 MHz.
Info (20325): 2025.04.02.01:13:26 Info: s10_serdes_Ltile_with8b10b_tbi_eth.xcvr_native_s10_htile_0: "PCS clkout" (pcs_clkout) is selected to drive rx_clkout port and the clock frequency is 125.0 MHz.
Info (20325): 2025.04.02.01:13:26 Info: s10_serdes_Ltile_with8b10b_tbi_eth.xcvr_native_s10_htile_0: Design example cannot be generated for the current configuration. Please check under Design Example tab and system message below for more detailed information.
Info (20325): 2025.04.02.01:13:26 Info: s10_serdes_Ltile_with8b10b_tbi_eth.xcvr_native_s10_htile_0: Note - The external TX PLL IP must be configured with an output clock frequency of 625.0 MHz.
Info (20325): 2025.04.02.01:13:26 Info: s10_serdes_Ltile_with8b10b_tbi_eth: "Transforming system: s10_serdes_Ltile_with8b10b_tbi_eth"
Info (20325): 2025.04.02.01:13:26 Info: s10_serdes_Ltile_with8b10b_tbi_eth: "Naming system components in system: s10_serdes_Ltile_with8b10b_tbi_eth"
Info (20325): 2025.04.02.01:13:26 Info: s10_serdes_Ltile_with8b10b_tbi_eth: "Processing generation queue"
Info (20325): 2025.04.02.01:13:26 Info: s10_serdes_Ltile_with8b10b_tbi_eth: "Generating: s10_serdes_Ltile_with8b10b_tbi_eth"
Info (20325): 2025.04.02.01:13:26 Info: s10_serdes_Ltile_with8b10b_tbi_eth: "Generating: s10_serdes_Ltile_with8b10b_tbi_eth_altera_xcvr_native_s10_htile_1930_xmzqn2a"
Info (20325): 2025.04.02.01:13:26 Info: xcvr_native_s10_htile_0: add_fileset_file ./alt_xcvr_arbiter.sv SYSTEM_VERILOG PATH ../../../../altera_xcvr_generic/ctrl/alt_xcvr_arbiter.sv
Info (20325): 2025.04.02.01:13:26 Info: xcvr_native_s10_htile_0: add_fileset_file ./altera_std_synchronizer_nocut.v VERILOG PATH ../../../../primitives/altera_std_synchronizer/altera_std_synchronizer_nocut.v
Info (20325): 2025.04.02.01:13:26 Info: xcvr_native_s10_htile_0: add_fileset_file ./alt_xcvr_resync_std.sv SYSTEM_VERILOG PATH ../../../alt_xcvr_generic/alt_xcvr_resync_std.sv
Info (20325): 2025.04.02.01:13:26 Info: xcvr_native_s10_htile_0: add_fileset_file ./alt_xcvr_reset_counter_s10.sv SYSTEM_VERILOG PATH ../../../altera_xcvr_reset_control_s10/alt_xcvr_reset_counter_s10.sv
Info (20325): 2025.04.02.01:13:26 Info: xcvr_native_s10_htile_0: add_fileset_file ./altera_xcvr_native_s10_functions_h.sv SYSTEM_VERILOG PATH ../../altera_xcvr_native_s10/source/altera_xcvr_native_s10_functions_h.sv
Info (20325): 2025.04.02.01:13:26 Info: xcvr_native_s10_htile_0: add_fileset_file ./s10_avmm_h.sv SYSTEM_VERILOG PATH ../../altera_xcvr_native_s10/source/s10_avmm_h.sv
Info (20325): 2025.04.02.01:13:26 Info: xcvr_native_s10_htile_0: add_fileset_file ./alt_xcvr_native_avmm_csr.sv SYSTEM_VERILOG PATH ../../altera_xcvr_native_s10/source/alt_xcvr_native_avmm_csr.sv
Info (20325): 2025.04.02.01:13:26 Info: xcvr_native_s10_htile_0: add_fileset_file ./alt_xcvr_native_prbs_accum.sv SYSTEM_VERILOG PATH ../../altera_xcvr_native_s10/source/alt_xcvr_native_prbs_accum.sv
Info (20325): 2025.04.02.01:13:26 Info: xcvr_native_s10_htile_0: add_fileset_file ./alt_xcvr_native_odi_accel.sv SYSTEM_VERILOG PATH ../../altera_xcvr_native_s10/source/alt_xcvr_native_odi_accel.sv
Info (20325): 2025.04.02.01:13:26 Info: xcvr_native_s10_htile_0: add_fileset_file ./alt_xcvr_native_rcfg_arb.sv SYSTEM_VERILOG PATH ../../altera_xcvr_native_s10/source/alt_xcvr_native_rcfg_arb.sv
Info (20325): 2025.04.02.01:13:26 Info: xcvr_native_s10_htile_0: add_fileset_file ./alt_xcvr_early_spd_chng_s10_htile.sv SYSTEM_VERILOG PATH ../../altera_xcvr_native_s10/source/alt_xcvr_early_spd_chng_s10_htile.sv
Info (20325): 2025.04.02.01:13:26 Info: xcvr_native_s10_htile_0: add_fileset_file ./alt_xcvr_native_anlg_reset_seq.sv SYSTEM_VERILOG PATH ../../altera_xcvr_native_s10/source/alt_xcvr_native_anlg_reset_seq.sv
Info (20325): 2025.04.02.01:13:26 Info: xcvr_native_s10_htile_0: add_fileset_file ./alt_xcvr_native_dig_reset_seq.sv SYSTEM_VERILOG PATH ../../altera_xcvr_native_s10/source/alt_xcvr_native_dig_reset_seq.sv
Info (20325): 2025.04.02.01:13:26 Info: xcvr_native_s10_htile_0: add_fileset_file ./alt_xcvr_native_reset_seq.sv SYSTEM_VERILOG PATH ../../altera_xcvr_native_s10/source/alt_xcvr_native_reset_seq.sv
Info (20325): 2025.04.02.01:13:26 Info: xcvr_native_s10_htile_0: add_fileset_file ./alt_xcvr_native_anlg_reset_seq_wrapper.sv SYSTEM_VERILOG PATH ../../altera_xcvr_native_s10/source/alt_xcvr_native_anlg_reset_seq_wrapper.sv
Info (20325): 2025.04.02.01:13:26 Info: xcvr_native_s10_htile_0: add_fileset_file ./alt_xcvr_native_re_cal_chnl.v VERILOG PATH ../../altera_xcvr_native_s10/source/alt_xcvr_native_re_cal_chnl.v
Info (20325): 2025.04.02.01:13:26 Info: xcvr_native_s10_htile_0: add_fileset_file ./alt_xcvr_pcie_rx_eios_prot.sv SYSTEM_VERILOG PATH ../../altera_xcvr_native_s10/source/alt_xcvr_pcie_rx_eios_prot.sv
Info (20325): 2025.04.02.01:13:26 Info: xcvr_native_s10_htile_0: add_fileset_file ./alt_xcvr_native_rx_maib_wa.sv SYSTEM_VERILOG PATH ../../altera_xcvr_native_s10/source/alt_xcvr_native_rx_maib_wa.sv
Info (20325): 2025.04.02.01:13:26 Info: s10_serdes_Ltile_with8b10b_tbi_eth: Done "s10_serdes_Ltile_with8b10b_tbi_eth" with 2 modules, 28 files
Info (20325): 2025.04.02.01:13:26 Info: Finished: Create HDL design files for synthesis
Info (20325): 2025.04.02.01:13:26 Info: Generation of /nfs/site/disks/xne_tip_0003/urukunda/pcs_loopback_xmr/verif/fpga/vps_dvb/build_input_dir/IP_FILES/s10_serdes_Ltile_with8b10b_tbi_eth/s10_serdes_Ltile_with8b10b_tbi_eth.ip (s10_serdes_Ltile_with8b10b_tbi_eth) took 7271 ms
Info (11131): Completed upgrading IP component QsysPrimePro with file "s10_serdes_Ltile_with8b10b_tbi_eth.ip"
Error (23031): Evaluation of Tcl script /nfs/site/cproj/gnrd/zsc14.xne_00263/users/tools/altera/pro.23.3/quartus/common/tcl/internal/ip_regen/ip_regen.tcl unsuccessful
Error: Quartus Prime Shell was unsuccessful. 2 errors, 0 warnings
    Error: Peak virtual memory: 1055 megabytes
    Error: Processing ended: Wed Apr  2 01:13:27 2025
    Error: Elapsed time: 00:01:04
    Error: System process ID: 22947


